// Jest Snapshot v1, https://goo.gl/fbAQLP

exports[`AutoProgressLoader Test should trigger setInterval and clearInterval 1`] = `
<AutoProgressLoader
  intervalMillis={5}
>
  <div
    className="progress"
    style={
      Object {
        "backgroundColor": "gray",
        "borderRadius": 0,
        "height": "4px",
      }
    }
  >
    <div
      aria-valuemax="100"
      aria-valuemin="0"
      aria-valuenow={5}
      className="progress-bar progress-bar-striped progress-bar-animated bg-warning"
      role="progressbar"
      style={
        Object {
          "width": "5%",
        }
      }
    />
  </div>
</AutoProgressLoader>
`;
