// Jest Snapshot v1, https://goo.gl/fbAQLP

exports[`TopLevelLoader Test should render an AutoProgressLoader when loading set to true 1`] = `<AutoProgressLoader />`;

exports[`TopLevelLoader Test should return null when loading set to false 1`] = `""`;

exports[`TopLevelLoader Test should return null with default state 1`] = `""`;
